✔ default API reaches a 32-level stochastic policy with non-first actions (14.659431ms)
✔ lazy=false proves the mirrored 32-level negative chain (10.4818ms)
✔ symmetric negative utility reaches the upper-proof endpoint (0.334421ms)
✔ every adversarial response is covered, including a rare refutation (0.835532ms)
✔ shared descendants retain the exact DAG certificate (0.625326ms)
✔ a pure cycle stays unknown, while a useful alternate row can certify around it (0.4725ms)
✔ partial probability remains adversarial uncertainty and can certify before completion (0.353285ms)
✔ resuming a partial transition replaces cumulative mass and certifies completion (0.204444ms)
✔ generated child evidence can precede resuming a partial transition (0.680268ms)
✔ native one-replay batches preserve all repeated-Protect probability (2897.914881ms)
✔ cancellation after splitting a prefix restores only the active residual mass (2815.171126ms)
✔ a cursor enforces the total simulator limit across batches (2.561488ms)
✔ node-limited cumulative transition acceptance keeps missing children unknown (0.387849ms)
✔ partial mass normalization encloses both remainder completions (-1, -5e-10) (0.21145ms)
✔ partial mass normalization encloses both remainder completions (-1, 5e-10) (0.06024ms)
✔ partial mass normalization encloses both remainder completions (1, -5e-10) (0.080712ms)
✔ partial mass normalization encloses both remainder completions (1, 5e-10) (0.042427ms)
✔ cumulative rounding preserves the final certificate (-1, -5e-10, -8e-10) (0.155039ms)
✔ cumulative rounding preserves the final certificate (-1, -5e-10, 0) (0.060188ms)
✔ cumulative rounding preserves the final certificate (-1, -5e-10, 8e-10) (0.046919ms)
✔ cumulative rounding preserves the final certificate (-1, 5e-10, -8e-10) (0.044413ms)
✔ cumulative rounding preserves the final certificate (-1, 5e-10, 0) (0.051221ms)
✔ cumulative rounding preserves the final certificate (-1, 5e-10, 8e-10) (0.044503ms)
✔ cumulative rounding preserves the final certificate (1, -5e-10, -8e-10) (0.042604ms)
✔ cumulative rounding preserves the final certificate (1, -5e-10, 0) (0.03893ms)
✔ cumulative rounding preserves the final certificate (1, -5e-10, 8e-10) (0.071769ms)
✔ cumulative rounding preserves the final certificate (1, 5e-10, -8e-10) (0.06168ms)
✔ cumulative rounding preserves the final certificate (1, 5e-10, 0) (0.089612ms)
✔ cumulative rounding preserves the final certificate (1, 5e-10, 8e-10) (0.073625ms)
✔ native one-turn interval is enclosed for Water Gun and Power Gem (791.06401ms)
✔ native one-turn interval is enclosed for Water Gun and Hydro Pump (716.422749ms)
✔ native one-turn interval is enclosed for Bonemerang and Power Gem (18882.163486ms)
✔ bounded certainty retains no fabricated transition or exact flag (208.661951ms)
✔ unsupported first-move dependency falls back: Drain Punch (166.721724ms)
✔ unsupported first-move dependency falls back: Power-Up Punch (161.038964ms)
✔ unsupported first-move dependency falls back: Super Fang (159.200681ms)
✔ unsupported first-move dependency falls back: Flail (158.665941ms)
✔ unsupported first-move dependency falls back: Swords Dance (157.14528ms)
✔ full HP Sash, protection, unclassified ability, and healing attacker fall back (636.172697ms)
✔ survival and response KO thresholds are necessary, and expired probes stop (529.679696ms)
✔ Champions native PP states admit the costly multi-hit response certificate (319.988835ms)
✔ status, dynamic response power and modified native methods are not certified (317.036836ms)
✔ a berry threshold remains inside the native one-turn certificate (801.100482ms)
✔ a first-move defense increase invalidates the response damage lower bound (320.732262ms)
✔ native callbacks relocated to another event slot do not enter the envelope (478.163793ms)
✔ numeric event callbacks are not mistaken for event-order metadata (163.642105ms)
✔ an added third type is outside the damage-overflow certificate domain (158.554222ms)
✔ endpoint range equals all native rolls: Garchomp/Archaludon Earthquake 0/0 (161.184341ms)
✔ endpoint range equals all native rolls: Garchomp/Archaludon Earthquake 6/6 (163.321388ms)
✔ endpoint range equals all native rolls: Garchomp/Archaludon Draco Meteor -6/-6 (163.704284ms)
✔ endpoint range equals all native rolls: Archaludon/Garchomp Flash Cannon 6/-6 (164.542666ms)
✔ endpoint range equals all native rolls: Garchomp/Swampert Surf -6/6 (159.539748ms)
✔ endpoint range equals all native rolls: Garchomp/Tyranitar Earthquake 0/-6 (161.69319ms)
✔ endpoint range equals all native rolls: Kommo-o/Garchomp Clanging Scales 0/-1 (162.416218ms)
ℹ tests 54
ℹ suites 0
ℹ pass 54
ℹ fail 0
ℹ cancelled 0
ℹ skipped 0
ℹ todo 0
ℹ duration_ms 32564.809828
