✔ asymmetric Sucker=2, Protect=4 remains exact (322.066174ms)
✔ asymmetric Sucker=3, Protect=4 remains exact (386.305561ms)
✔ bounded worker routing gives distinct row-major affinity for variable action grids (1.633427ms)
✔ worker-backed full-PP interval contains the exact reference (3701.230237ms)
✔ worker-backed full-PP coverage interval contains the exact reference (8891.800745ms)
✔ custom Dex rules use synchronous bounded fallback without worker dispatch (2295.289994ms)
✔ custom adapters use synchronous bounded fallback (664.03036ms)
✔ worker failure drains outstanding jobs and a fresh pool remains usable (3455.95471ms)
✔ concurrent calls reject before resetting the active search (2442.631147ms)
✔ zero search budget exits before root warm-start cell access (1508.387204ms)
✔ worker forwards an expired transition deadline (664.159883ms)
✔ async solver falls back to synchronous backend for native callback replacement (3237.952467ms)
✔ async solver falls back for numeric Dex rule changes and preserves the result (3016.292449ms)
✔ pool and solver reject invalid worker sizing and routes (1091.638194ms)
✔ one transition pool rejects overlapping solve leases (3060.382799ms)
✔ async maxStates includes pending distinct states (3343.817256ms)
✔ reusing one async solver starts a fresh memo and stats context (3025.597966ms)
✔ worker initialization errors reject the pool request (795.764948ms)
✔ failure drain rejects a child scheduled by a late microtask (0.537338ms)
✔ worker failure rejects all queued work and makes the pool unavailable (742.906893ms)
✔ closing a pool before worker startup terminates created workers (830.927628ms)
✔ async eager solver preserves the full-PP Sucker Punch root result (6050.211058ms)
✔ benchmark backend labels preserve exact fallback and require bounded metadata (0.802375ms)
✔ bounded benchmark defaults to the generic adaptive policy (0.287429ms)
✔ benchmark registers the parallel sucker-punch-6 fixture (0.077599ms)
✔ bounded native certificate covers full-PP case4 (58988.734761ms)
✔ bounded native certificate covers full-PP case5 (29759.140758ms)
✔ case4 and case5 roots retain maximum PP (0.981034ms)
✔ expands one ply at a time and certifies an exact DAG (3.911267ms)
✔ eager expansion stops on a pure security certificate and preserves unknown cells (0.403294ms)
✔ deep eager nodes stop at the scheduler-width threshold (0.431245ms)
✔ root tolerance stops a deeper eager pass before child exactness (0.446127ms)
✔ returns honest bounds when the node limit blocks an unresolved child (0.345881ms)
✔ does not claim convergence for a regenerative cycle (0.178786ms)
✔ time and fresh solve contexts are independent (0.15067ms)
✔ an incomplete transition remains an unknown bounded cell (0.188068ms)
✔ native adapter interval contains the exact two-PP baseline (525.288056ms)
✔ random small DAG intervals contain the matrix-game value (13.472143ms)
✔ security ordering returns to mixed support after a pure proof path (0.535308ms)
✔ security lower proof chooses the selected row floor constraint (0.330391ms)
✔ security upper proof chooses the selected column ceiling constraint (0.159489ms)
✔ security proof falls back when its selected row has no expandable cell (0.16761ms)
✔ lower proof uses row mean after pessimistic floors tie (0.112218ms)
✔ upper proof prefers the smallest upper column ceiling for a negative game (0.060666ms)
✔ upper proof treats near-equal pessimistic columns as a scheduling tie (0.098569ms)
✔ upper proof skips a column whose ceiling is locked by an exact cell (0.118067ms)
✔ lower proof skips a row whose floor is locked by an exact cell (0.089438ms)
✔ global upper direction switches to an upper proof when incumbent cannot reach it (0.097056ms)
✔ security scheduling preserves bounds on a small interval DAG (0.419055ms)
✔ auto selection switches on a mixed root and resets per solve (0.400791ms)
✔ incremental eager frontier follows a stochastic winning path before unrelated rows (0.682584ms)
✔ security direction propagates through two-level stochastic descendants (0.495836ms)
✔ fallback frontier escapes a self-cycle to a useful alternate action (0.219004ms)
✔ opaque continuation yields to another cell before depth expansion (0.232402ms)
✔ bounded search certifies rectangular stochastic DAGs with shared successors (278.198189ms)
✔ default API reaches a 32-level stochastic policy with non-first actions (14.733682ms)
✔ lazy=false proves the mirrored 32-level negative chain (11.01625ms)
✔ symmetric negative utility reaches the upper-proof endpoint (0.370057ms)
✔ every adversarial response is covered, including a rare refutation (0.750291ms)
✔ shared descendants retain the exact DAG certificate (0.568088ms)
✔ a pure cycle stays unknown, while a useful alternate row can certify around it (0.368284ms)
✔ integer branches preserve exact probabilities and replay each result (1.552306ms)
✔ chance branches replay, reject divergence and preserve clone position (0.417244ms)
✔ eager branching continues on the first alternative and clones share the tape (0.233927ms)
✔ top-ten sweep covers distinct pairs and independent HP combinations exactly once (1.213814ms)
✔ playable fixtures retain source configuration, equivalent stats, HP and native maximum PP (52.758454ms)
✔ incomplete source and unsupported Mega action configurations have explicit skips (1.561545ms)
✔ empty events skip speed-tie randomization on one battle only (14.289821ms)
✔ a real handler preserves native speed order (1.886507ms)
✔ Weather still performs its required recursive Update event (1.40236ms)
✔ Weather handlers run before the recursive Update pass (1.065229ms)
✔ stack limit and overridden native methods fall back safely (2.937187ms)
✔ event plan proves empty native events and preserves callback-bearing events (193.621586ms)
✔ unknown dynamic effect and custom event use native fallback (201.159429ms)
✔ species and ability replacements use the audited base definitions (237.02257ms)
✔ rebuilds callback layout after a native function is copied to another effect (439.55717ms)
✔ matches the vertex-enumeration oracle on random rectangular games (23.471091ms)
✔ handles duplicate rows and columns, rectangles, and negative payoffs (1.00973ms)
✔ remains stable when two rows differ only at 1e-10 scale (2.593478ms)
✔ rebuilds a valid equilibrium for a near-duplicate row at machine precision (1.814745ms)
✔ handles near-duplicate rows and columns across scales (7.906916ms)
✔ keeps precision across large and small finite magnitudes (0.309667ms)
✔ solves a 20x30 game without support enumeration (5.894341ms)
✔ solves a trivial matrix (1.114866ms)
✔ solves matching pennies (0.708387ms)
✔ solves rock-paper-scissors (0.350433ms)
✔ native and current distributions match from fixed single and double snapshots (6029.180943ms)
✔ native memo audit accepts the stock Gen 9 data callbacks (156.366076ms)
✔ a changed native Battle prototype method disables normalization (1.471897ms)
✔ a changed Dex helper instance method disables normalization (1.574032ms)
✔ a changed State serializer prototype method disables normalization (1.153321ms)
✔ an instance override of Battle randomizer disables normalization (1.223943ms)
✔ an instance override of Pokemon damage disables normalization (1.017047ms)
✔ an instance override of BattleActions method disables normalization (0.901242ms)
✔ a callback installed on the actual active ability disables normalization (144.766972ms)
✔ a callback accessor on an active effect forces the exact-key fallback (155.389182ms)
✔ an inherited callback descriptor is included in the audit (137.237232ms)
✔ a changed Pokemon prototype getter is rejected before it can run (0.899391ms)
✔ function values inside collection roots are audited (137.590031ms)
✔ the same native audit accepts a doubles battle (145.905622ms)
✔ a non-base Dex mode uses the exact-key fallback (0.653206ms)
✔ custom Abilities callback reading effectOrder disables normalization (147.771555ms)
✔ custom Moves callback reading effectOrder disables normalization (158.830526ms)
✔ custom Conditions callback reading effectOrder disables normalization (137.796352ms)
✔ private memo key normalizes only relative live effect order (190.131878ms)
✔ private key preserves strings, escaped keys, arrays, and undefined slots (0.567862ms)
✔ relative-order serialization preserves frozen graphs and own __proto__ paths (0.360041ms)
✔ one solver re-audits a reused instance and separates exact keys (1154.192764ms)
✔ Spite after a real last move changes the target move PP (875.207619ms)
✔ Encore after a real last move creates the lock and disables another move (1324.244168ms)
✔ Leppa restores a move when PP really reaches zero (1137.302583ms)
✔ Grudge clears the source move PP on a nonterminal forced-switch state (856.99903ms)
✔ Transform with matching move IDs changes move-slot shape safely (732.517214ms)
✔ Doubles Ally Switch preserves swapped positions with matching moves (1018.350662ms)
✔ full-PP Tackle/Tackle root preserves every native successor and probability (1315.750609ms)
✔ solver admission skips one-off tracking and captures on the second normalized request (1473.125928ms)
✔ PP key buckets only move-slot PP without changing the snapshot (1.494707ms)
✔ PP template construction keys each continuing branch once and preserves the distribution (346.041274ms)
✔ PP template replays exact positive-range transitions without simulating branches (1320.666447ms)
✔ PP template rejects a changed exhaustion branch and remains exact (1668.595481ms)
✔ admitted PP templates still reject the exhausted bucket at the cutoff (2183.624941ms)
✔ unsupported getMoves callback path does not create a PP template (215.797482ms)
✔ admission does not install an unsafe template after repeated unsupported requests (484.966413ms)
✔ PP templates stay exact across item and PP-consuming move mechanisms (1659.217997ms)
✔ PP templates remain exact for switch and doubles position changes (694.903721ms)
✔ Transform output shape changes disable PP templates (379.233157ms)
✔ partial probability remains adversarial uncertainty and can certify before completion (3.158592ms)
✔ resuming a partial transition replaces cumulative mass and certifies completion (0.474919ms)
✔ generated child evidence can precede resuming a partial transition (0.838904ms)
✔ native one-replay batches preserve all repeated-Protect probability (2955.692607ms)
✔ cancellation after splitting a prefix restores only the active residual mass (2714.895392ms)
✔ a cursor enforces the total simulator limit across batches (2.487676ms)
✔ node-limited cumulative transition acceptance keeps missing children unknown (0.530951ms)
✔ partial mass normalization encloses both remainder completions (-1, -5e-10) (0.25868ms)
✔ partial mass normalization encloses both remainder completions (-1, 5e-10) (0.204713ms)
✔ partial mass normalization encloses both remainder completions (1, -5e-10) (0.21191ms)
✔ partial mass normalization encloses both remainder completions (1, 5e-10) (0.127786ms)
✔ cumulative rounding preserves the final certificate (-1, -5e-10, -8e-10) (0.42258ms)
✔ cumulative rounding preserves the final certificate (-1, -5e-10, 0) (0.12288ms)
✔ cumulative rounding preserves the final certificate (-1, -5e-10, 8e-10) (0.109038ms)
✔ cumulative rounding preserves the final certificate (-1, 5e-10, -8e-10) (0.109007ms)
✔ cumulative rounding preserves the final certificate (-1, 5e-10, 0) (0.100589ms)
✔ cumulative rounding preserves the final certificate (-1, 5e-10, 8e-10) (0.137584ms)
✔ cumulative rounding preserves the final certificate (1, -5e-10, -8e-10) (0.061439ms)
✔ cumulative rounding preserves the final certificate (1, -5e-10, 0) (0.076011ms)
✔ cumulative rounding preserves the final certificate (1, -5e-10, 8e-10) (0.088549ms)
✔ cumulative rounding preserves the final certificate (1, 5e-10, -8e-10) (0.060208ms)
✔ cumulative rounding preserves the final certificate (1, 5e-10, 0) (0.06172ms)
✔ cumulative rounding preserves the final certificate (1, 5e-10, 8e-10) (0.047354ms)
✔ eager enumeration matches throw-and-replay distribution and uses fewer runs (68.094144ms)
✔ residual tie optimization preserves independent duration handlers (17.225536ms)
✔ residual optimization rejects overridden native dispatch (1.949282ms)
✔ cooperative deadline abandons a native transition at a branch boundary (164.989341ms)
✔ state keys ignore logs and PRNG history without changing the snapshot (3.394682ms)
✔ terminal random branches merge by utility (8.259063ms)
✔ a repeated Protect splits between a terminal win and a continuing battle (9.56532ms)
✔ snapshots and restored battles do not share mutable state (2.391105ms)
✔ restoring and replaying a frozen snapshot preserves nested state and references (4.189938ms)
✔ randomMapped groups equal integer damage values with exact 32-bit mass (1.162976ms)
✔ randomGrouped returns raw representatives for observable classes (0.590494ms)
✔ fractional secondary chance matches native random(100) semantics (2682.666611ms)
✔ secondary aggregation bypasses forceRandomChance like native random(100) (2.577355ms)
✔ self drops and multi-hit secondaries preserve native distributions (3947.023502ms)
✔ two-hit Double Kick preserves the complete native distribution (1086.216182ms)
✔ custom truncation keeps native randomizer behavior (0.565934ms)
✔ unsupported action overrides fall back to native methods (0.457308ms)
✔ type callbacks and action overrides preserve exact fallback behavior (41.17473ms)
✔ HP saturation preserves native damage, recoil, and drain outcomes (36.444622ms)
✔ damage handlers disable HP saturation for Sturdy and Focus Sash (58.245367ms)
✔ Substitute and multi-hit transitions remain exact at low HP (87.922731ms)
✔ low HP secondary outcomes match native enumeration (976.239628ms)
✔ post-tail saturation preserves resisted and threshold-crossing damage (48.484796ms)
✔ saturated contact damage preserves retaliation and complete surviving team state (125.405258ms)
✔ custom raw damage observers retain their complete native distribution (64.661393ms)
✔ custom spread-hit wrappers retain native damage randomization (0.634525ms)
✔ weather damage adjustment preserves the complete nonterminal roll distribution (43.33028ms)
✔ Life Orb final rounding and suppression preserve complete native distributions (677.800044ms)
✔ custom final damage callbacks preserve their raw damage observations (67.154272ms)
✔ Disguise state predicates preserve native distributions across intact and busted forms (420.363577ms)
✔ custom Disguise effectiveness observers execute only through the native path (63.960865ms)
✔ intact Disguise absorbs rolls while preserving later actions and reserve state (1445.491471ms)
✔ Disguise absorption respects Mold Breaker and transformed-ability suppression (234.923222ms)
✔ multi-hit damage resumes native roll classes after breaking Disguise (1348.132714ms)
✔ a raw observer preceding Disguise retains its native damage distribution (67.512742ms)
✔ custom immunity prototypes retain damage after a mid-hit ability change (68.724319ms)
✔ custom effectiveness prototypes retain native active-move mutations (54.529424ms)
✔ snapshot detaches only native serializer aliases and preserves state shape (16.61905ms)
✔ doubles, team ordering, illusion and active move serialize without graph alias (4.450395ms)
✔ shared team set aliases preserve old JSON roundtrip splitting (2.840565ms)
✔ custom toJSON falls back to the complete JSON path (1.660815ms)
✔ State.serializeBattle override also disables the native fast path (1.435371ms)
✔ overridden State.serializeWithRefs falls back without retaining live aliases (1.704769ms)
✔ root still returns the complete matrix while value-only children can prune (2.601749ms)
✔ a tiny-probability losing outcome prevents +1 pruning (0.825927ms)
✔ a sub-ulp losing branch still prevents forced-win pruning (0.345051ms)
✔ pure saddle certificate agrees with LP and lazily evaluates cells (0.314939ms)
✔ failed saddle candidates still complete every missing cell (0.553047ms)
✔ terminal cache entries remain hits when a strategy is requested (0.236105ms)
✔ recursive random state tree agrees with the full LP oracle (0.641067ms)
✔ trivial priority KO is a forced P1 win (212.004498ms)
✔ symmetric Leftovers/Protect 3HKO has value zero (553.999765ms)
✔ 5-PP Sucker Punch endgame has value two thirds (276.62321ms)
✔ 2-PP Sucker Punch endgame has value one third (238.47759ms)
✔ an untouched parent Dex matches the independent worker stock profile (315.742203ms)
✔ a stock format numeric mutation is detected before battle setup (536.879178ms)
✔ a constructed numeric mutation disables stock sharing and changes trivialPriorityKO (751.043872ms)
✔ a known native function copied into another raw definition is rejected (473.551894ms)
✔ species numeric mutations, Map replacements, and allCache order are guarded (1190.439805ms)
✔ a copied known native callback disables sharing and native fallback observes it (2029.08824ms)
✔ five cumulative fixtures preserve the requested battle shape (13.573462ms)
✔ native damage ranges support the 2HKO fixtures and coverage KO (7.161971ms)
✔ native strong fast move has the expected 100% and 90% outcomes (224.754147ms)
✔ optimized transitions match native transitions for miss, Protect, and bulky HP (97.010643ms)
✔ parallel case 4 fixture has native OHKO and 2HKO damage contracts (20.808451ms)
✔ parallel case 4 native and optimized priority transitions agree (135.61602ms)
✔ constructing variants does not alter the original fixture (4.972827ms)
✔ native one-turn interval is enclosed for Water Gun and Power Gem (806.778344ms)
✔ native one-turn interval is enclosed for Water Gun and Hydro Pump (708.291036ms)
✔ native one-turn interval is enclosed for Bonemerang and Power Gem (15736.881546ms)
✔ bounded certainty retains no fabricated transition or exact flag (214.483734ms)
✔ unsupported first-move dependency falls back: Drain Punch (160.834449ms)
✔ unsupported first-move dependency falls back: Power-Up Punch (166.722137ms)
✔ unsupported first-move dependency falls back: Super Fang (160.701682ms)
✔ unsupported first-move dependency falls back: Flail (165.377881ms)
✔ unsupported first-move dependency falls back: Swords Dance (159.167908ms)
✔ full HP Sash, protection, and unclassified ability fall back (498.129522ms)
✔ survival and response KO thresholds are necessary, and expired probes stop (503.341586ms)
✔ Champions native PP states admit the costly multi-hit response certificate (326.279196ms)
✔ status, dynamic response power and modified native methods are not certified (321.662962ms)
✔ a berry threshold remains inside the native one-turn certificate (678.388135ms)
✔ a first-move defense increase invalidates the response damage lower bound (318.070765ms)
✔ native callbacks relocated to another event slot do not enter the envelope (476.471091ms)
✔ numeric event callbacks are not mistaken for event-order metadata (156.871732ms)
✔ an added third type is outside the damage-overflow certificate domain (159.454767ms)
✔ a healing attacker uses its possible healed HP for the response threshold (826.706472ms)
✔ probabilistic KO partitions enclose native damage and accuracy: Power Gem (440.690046ms)
✔ probabilistic KO partitions enclose native damage and accuracy: Hydro Pump (427.885079ms)
✔ probabilistic KO partitions enclose native damage and accuracy: Frost Breath (266.970659ms)
✔ Torrent HP regimes and berry healing keep native response mass enclosed (708.792707ms)
✔ a first secondary is left unknown instead of assuming the response can act (396.151504ms)
✔ an explicit no-crit native damage rule is not assigned ordinary critical mass (327.019144ms)
✔ Torrent callbacks require their audited event slots (320.19704ms)
✔ Champions full PP special-attack cells expose partial terminal mass (322.032365ms)
✔ prepared snapshot shares move summaries without pair-order contamination (603.373465ms)
✔ prepared evaluator owns its snapshot and expired preparation yields no certificate (163.50335ms)
✔ a native-audited intact root can prepare a later busted Disguise node (342.510395ms)
✔ first Life Orb KO respects native recoil boundary at HP13 (175.484542ms)
✔ first Life Orb KO respects native recoil boundary at HP14 (177.700101ms)
✔ first Life Orb KO respects native recoil boundary at HP15 (178.426217ms)
✔ response Life Orb keeps damage and recoil survival jointly safe at HP20 (176.743394ms)
✔ response Life Orb keeps damage and recoil survival jointly safe at HP80 (780.882691ms)
✔ response Life Orb keeps damage and recoil survival jointly safe at HP131 (740.365691ms)
✔ contact damage refuses Rough Skin and suppressed items remain outside admission (536.619387ms)
✔ Life Orb and Disguise require exact callbacks in their native event slots (474.406875ms)
✔ Life Orb damage outside the no-overflow domain remains unknown (162.061181ms)
✔ first Life Orb accuracy and secondary branches remain inside native bounds (1328.454125ms)
✔ combined native recoil and healing callbacks fall back before crossing the berry threshold (331.12098ms)
✔ compiled declarations preserve solver options and sync/async result types (465.90644ms)
ℹ tests 258
ℹ suites 0
ℹ pass 258
ℹ fail 0
ℹ cancelled 0
ℹ skipped 0
ℹ todo 0
ℹ duration_ms 97380.070065
