✔ bounded search certifies rectangular stochastic DAGs with shared successors (228.886366ms)
✔ partial probability remains adversarial uncertainty and can certify before completion (0.575034ms)
✔ resuming a partial transition replaces cumulative mass and certifies completion (0.23282ms)
✔ generated child evidence can precede resuming a partial transition (10.836878ms)
✔ native one-replay batches preserve all repeated-Protect probability (2889.019445ms)
✔ cancellation after splitting a prefix restores only the active residual mass (2766.574376ms)
✔ a cursor enforces the total simulator limit across batches (2.539165ms)
✔ node-limited cumulative transition acceptance keeps missing children unknown (0.433149ms)
✔ partial mass normalization encloses both remainder completions (-1, -5e-10) (0.323769ms)
✔ partial mass normalization encloses both remainder completions (-1, 5e-10) (0.167706ms)
✔ partial mass normalization encloses both remainder completions (1, -5e-10) (0.127721ms)
✔ partial mass normalization encloses both remainder completions (1, 5e-10) (0.06565ms)
✔ cumulative rounding preserves the final certificate (-1, -5e-10, -8e-10) (0.175114ms)
✔ cumulative rounding preserves the final certificate (-1, -5e-10, 0) (0.065613ms)
✔ cumulative rounding preserves the final certificate (-1, -5e-10, 8e-10) (0.049918ms)
✔ cumulative rounding preserves the final certificate (-1, 5e-10, -8e-10) (0.047803ms)
✔ cumulative rounding preserves the final certificate (-1, 5e-10, 0) (0.135084ms)
✔ cumulative rounding preserves the final certificate (-1, 5e-10, 8e-10) (0.057413ms)
✔ cumulative rounding preserves the final certificate (1, -5e-10, -8e-10) (0.046797ms)
✔ cumulative rounding preserves the final certificate (1, -5e-10, 0) (0.06016ms)
✔ cumulative rounding preserves the final certificate (1, -5e-10, 8e-10) (0.064628ms)
✔ cumulative rounding preserves the final certificate (1, 5e-10, -8e-10) (0.058578ms)
✔ cumulative rounding preserves the final certificate (1, 5e-10, 0) (0.042787ms)
✔ cumulative rounding preserves the final certificate (1, 5e-10, 8e-10) (0.038747ms)
✔ native one-turn interval is enclosed for Water Gun and Power Gem (791.413205ms)
✔ native one-turn interval is enclosed for Water Gun and Hydro Pump (713.024572ms)
✔ native one-turn interval is enclosed for Bonemerang and Power Gem (18794.854575ms)
✔ bounded certainty retains no fabricated transition or exact flag (212.559547ms)
✔ unsupported first-move dependency falls back: Drain Punch (160.351216ms)
✔ unsupported first-move dependency falls back: Power-Up Punch (159.333012ms)
✔ unsupported first-move dependency falls back: Super Fang (160.296549ms)
✔ unsupported first-move dependency falls back: Flail (157.494822ms)
✔ unsupported first-move dependency falls back: Swords Dance (159.340605ms)
✔ full HP Sash, protection, and unclassified ability fall back (484.796542ms)
✔ survival and response KO thresholds are necessary, and expired probes stop (486.033652ms)
✔ Champions native PP states admit the costly multi-hit response certificate (340.34166ms)
✔ status, dynamic response power and modified native methods are not certified (346.679156ms)
✔ a berry threshold remains inside the native one-turn certificate (839.026663ms)
✔ a first-move defense increase invalidates the response damage lower bound (328.166987ms)
✔ native callbacks relocated to another event slot do not enter the envelope (478.640958ms)
✔ numeric event callbacks are not mistaken for event-order metadata (169.228789ms)
✔ an added third type is outside the damage-overflow certificate domain (160.322142ms)
✔ a healing attacker uses its possible healed HP for the response threshold (904.568001ms)
✔ probabilistic KO partitions enclose native damage and accuracy: Power Gem (460.60728ms)
✔ probabilistic KO partitions enclose native damage and accuracy: Hydro Pump (454.499617ms)
✔ probabilistic KO partitions enclose native damage and accuracy: Frost Breath (284.960539ms)
✔ Torrent HP regimes and berry healing keep native response mass enclosed (788.613441ms)
✔ a first secondary is left unknown instead of assuming the response can act (371.496451ms)
✔ an explicit no-crit native damage rule is not assigned ordinary critical mass (329.375285ms)
✔ Torrent callbacks require their audited event slots (320.149979ms)
✔ Champions full PP special-attack cells expose partial terminal mass (329.896795ms)
✔ prepared snapshot shares move summaries without pair-order contamination (599.194655ms)
✔ prepared evaluator owns its snapshot and expired preparation yields no certificate (167.185886ms)
✔ a native-audited intact root can prepare a later busted Disguise node (344.780735ms)
✔ first Life Orb KO respects native recoil boundary at HP13 (193.697889ms)
✔ first Life Orb KO respects native recoil boundary at HP14 (218.986226ms)
✔ first Life Orb KO respects native recoil boundary at HP15 (182.636072ms)
✔ response Life Orb keeps damage and recoil survival jointly safe at HP20 (182.636981ms)
✔ response Life Orb keeps damage and recoil survival jointly safe at HP80 (760.512275ms)
✔ response Life Orb keeps damage and recoil survival jointly safe at HP131 (735.458751ms)
✔ contact damage refuses Rough Skin and suppressed items remain outside admission (483.684005ms)
✔ Life Orb and Disguise require exact callbacks in their native event slots (482.079977ms)
✔ Life Orb damage outside the no-overflow domain remains unknown (161.024464ms)
✔ first Life Orb accuracy and secondary branches remain inside native bounds (1306.271873ms)
✔ combined native recoil and healing callbacks fall back before crossing the berry threshold (322.405941ms)
ℹ tests 65
ℹ suites 0
ℹ pass 65
ℹ fail 0
ℹ cancelled 0
ℹ skipped 0
ℹ todo 0
ℹ duration_ms 41805.665475
